# game_9.log — 9x9 board, empty start
# recorded 2025-05-16; single-file demonstration game
# format: <ply>  <color> <coord|pass>  <verdict>  [note]

001  black 3,3   accepted
002  white 7,7   accepted
003  black 3,7   accepted
004  white 7,3   accepted
005  black 5,3   accepted
006  white 5,7   accepted
007  black 3,5   accepted
008  white 7,5   accepted
009  black 5,5   accepted  # centre reach
010  white 4,5   accepted
011  black 5,4   accepted
012  white 6,5   accepted
013  black 5,6   accepted
014  white 4,4   accepted
015  black 4,6   accepted
016  white 6,4   accepted
017  black 6,6   accepted
018  white pass  accepted
019  black pass  accepted
