# game_13.log — 9x9 board, empty start
# recorded 2025-07-04; even game, quiet endgame closure
# format: <ply>  <color> <coord|pass>  <verdict>  [note]

001  black 5,5   accepted
002  white 4,5   accepted
003  black 4,4   accepted
004  white 5,4   accepted
005  black 5,6   accepted
006  white 6,5   accepted  # captures nothing yet
007  black 6,6   accepted
008  white 3,4   accepted
009  black 3,5   accepted
010  white 3,6   accepted
011  black 4,6   accepted
012  white 2,5   accepted
013  black 2,6   accepted
014  white 4,7   accepted
015  black 5,7   accepted
016  white pass  accepted
017  black pass  accepted
