# game_1.log — 9x9 board, empty start, black to move first
# recorded 2024-11-03; players K.Ito (black) vs M.Larsson (white)
# format: <ply>  <color> <coord|pass>  <verdict>  [reason]  [# note]
# rejection annotations use the form:
#     superko:recreates_board_from_ply_<REF>

001  black 3,5    accepted  # opens near center
002  white 3,6    accepted  # right-side attachment
003  black 4,4    accepted
004  white 4,7    accepted  # wide extension
005  black 5,5    accepted
006  white 5,6    accepted  # pocket now half-formed
007  black 8,8    accepted  # distant forcing move
008  white 4,5    accepted  # white plays into the pocket, one liberty at 4,6
009  black pass   accepted  # tempo pass, board unchanged
010  white pass   accepted  # tempo pass, board still identical
011  black 4,6    accepted  # captures white 4,5 stone
012  white 4,5    rejected   superko:recreates_board_from_ply_009
013  white 1,1    accepted
014  black 1,2    accepted
015  white 2,1    accepted
016  black 8,7    accepted
017  white pass   accepted
018  black pass   accepted
