# game_2.log — 9x9 board, empty start
# recorded 2024-12-14; teaching game, no superko events
# format: <ply>  <color> <coord|pass>  <verdict>  [note]

001  black 5,5   accepted
002  white 3,3   accepted
003  black 7,7   accepted
004  white 3,7   accepted
005  black 7,3   accepted
006  white 5,3   accepted
007  black 5,7   accepted
008  white 4,5   accepted
009  black 6,5   accepted
010  white 4,4   accepted
011  black 6,4   accepted
012  white 4,6   accepted
013  black 6,6   accepted
014  white 3,5   accepted
015  black 7,5   accepted
016  white pass  accepted
017  black pass  accepted  # both pass → game ends by convention
