# game_6.log — 9x9 board, empty start
# recorded 2025-04-02; club rapid, 15-minute clock
# format: <ply>  <color> <coord|pass>  <verdict>  [reason]  [# note]

001  black 7,5    accepted
002  white 7,6    accepted
003  black 6,4    accepted
004  white 6,7    accepted
005  black 5,5    accepted
006  white 5,6    accepted
007  black 1,1    accepted  # distant preparation
008  white 6,5    accepted  # white plays into the pocket, one liberty at 6,6
009  black pass   accepted  # tempo pass
010  white pass   accepted  # tempo pass
011  black 6,6    accepted  # captures white 6,5 stone
012  white 6,5    rejected   superko:recreates_board_from_ply_009
013  white 3,3    accepted
014  black 3,7    accepted
015  white 2,3    accepted
016  black pass   accepted
017  white pass   accepted
