# Pre-incident SoftHSM verifier samples (working deep path).
# Compare seed_hex → sk_hex across epochs; compare message_hex to bare payload.

## sample_a
epoch=10
lane_id=0x01
payload=ts=800;hold=0;tag=a1
domain_ascii=SHSM
message_hex=5348534d000a0174733d3830303b686f6c643d303b7461673d6131
seed_hex=c3a7f1b8
key_dom_hex=7368736d2e763100
sk_hex=2e3c8ad45a8b5daafef3847c9b6992977b75f0b276d65eb4f2220010e20d39f3
pubkey_hex=3c917fa6070a52fd4e666c1a3aa7a130f1c052683334bd906d617ce0fda11171
sig_hex=6d94319e1053815ddfaf3be30f8f37e03e4a7bb2e1dd5c05dd2ed83855a43860be4d48668739a8a06296edb540365a5e04966ce439345209fe4379675de29007
frame_hex=a501000a001474733d3830303b686f6c643d303b7461673d61316d94319e1053815ddfaf3be30f8f37e03e4a7bb2e1dd5c05dd2ed83855a43860be4d48668739a8a06296edb540365a5e04966ce439345209fe4379675de29007
verdict=ok

## sample_b
epoch=20
lane_id=0x01
payload=ts=1500;hold=0;tag=b1
domain_ascii=SHSM
message_hex=5348534d00140174733d313530303b686f6c643d303b7461673d6231
seed_hex=c3a7f1b8
key_dom_hex=7368736d2e763100
sk_hex=8ccbba9d2df23f15c78ef68d1d01731189e2cca0d2897d38008d3a5134716711
pubkey_hex=9a1881657bd1fcef453c7db4fcb52ac2dedd9ae65234ab012f01946d93b43f26
sig_hex=cdc1dfb20f97d9da7831cd1e55e70862bde02d8d0557340b01e68efb635f48403161518fec80d43b332c923fc19ca6b576d5e79197d8d414227d7accde5c2f06
frame_hex=a5010014001574733d313530303b686f6c643d303b7461673d6231cdc1dfb20f97d9da7831cd1e55e70862bde02d8d0557340b01e68efb635f48403161518fec80d43b332c923fc19ca6b576d5e79197d8d414227d7accde5c2f06
verdict=ok

## sample_c
epoch=20
lane_id=0x02
payload=ts=1200;hold=0;tag=b3
domain_ascii=SHSM
message_hex=5348534d00140274733d313230303b686f6c643d303b7461673d6233
seed_hex=c3a7f1b8
key_dom_hex=7368736d2e763100
sk_hex=8ccbba9d2df23f15c78ef68d1d01731189e2cca0d2897d38008d3a5134716711
pubkey_hex=9a1881657bd1fcef453c7db4fcb52ac2dedd9ae65234ab012f01946d93b43f26
sig_hex=dc6ad6b70f46d34620054d7cd93ebd7f5ade796dcb95764f55de8e2b407996e04b513b15b7f40a8bbe812158c1b02fa39f06996366c43fd0c4680da90b820800
frame_hex=a5020014001574733d313230303b686f6c643d303b7461673d6233dc6ad6b70f46d34620054d7cd93ebd7f5ade796dcb95764f55de8e2b407996e04b513b15b7f40a8bbe812158c1b02fa39f06996366c43fd0c4680da90b820800
verdict=ok

## sample_d
epoch=40
lane_id=0x03
payload=ts=1000;hold=0;tag=d1
domain_ascii=SHSM
message_hex=5348534d00280374733d313030303b686f6c643d303b7461673d6431
seed_hex=c3a7f1b8
key_dom_hex=7368736d2e763100
sk_hex=5ad2ca178e7b5ab3d5c83ca1472152d9deaef23e4d2264a6485ae0f94e612beb
pubkey_hex=5ea4539451285358f3be8cedecf37181d9d85fc398759f56e4a6eecbd1a20711
sig_hex=36d53ddc462044ae2bb4ef48282ccabbb321a741f52ef47d7e245e829676c03f115d025e2a15ae73267e05b3e0928471529ee6ad8bf94c982809789ad1b0b800
frame_hex=a5030028001574733d313030303b686f6c643d303b7461673d643136d53ddc462044ae2bb4ef48282ccabbb321a741f52ef47d7e245e829676c03f115d025e2a15ae73267e05b3e0928471529ee6ad8bf94c982809789ad1b0b800
verdict=ok

## sample_e
epoch=50
lane_id=0x03
payload=ts=800;hold=0;tag=e1
domain_ascii=SHSM
message_hex=5348534d00320374733d3830303b686f6c643d303b7461673d6531
seed_hex=c3a7f1b8
key_dom_hex=7368736d2e763100
sk_hex=856b4d6352991a84f1d6b96a2ee5047395ae89ea1a9d4fa9b4639965121d96f4
pubkey_hex=65999270d92e1571c7d2f66aca61340dcc25ab670dc5bef88fe848560eb0eb10
sig_hex=da1d2fba95fcd14ddce16c1720d0c25c9ba78ccb9d64eb3e48665ef0f6462b2d8d001e8fad27bec8c5ad124bff68ef8f44d1a3a27d1276216c2b1858db1fe107
frame_hex=a5030032001474733d3830303b686f6c643d303b7461673d6531da1d2fba95fcd14ddce16c1720d0c25c9ba78ccb9d64eb3e48665ef0f6462b2d8d001e8fad27bec8c5ad124bff68ef8f44d1a3a27d1276216c2b1858db1fe107
verdict=ok
