# Pre-incident verifier samples (working deep path).
# Compare seed_hex → sk_hex across epochs; compare message_hex to payload.

## sample_a
epoch=10
lane_id=0x01
payload=ts=800;hold=0;tag=a1
domain_ascii=ELL2
message_hex=454c4c32000a0174733d3830303b686f6c643d303b7461673d6131
seed_hex=c3a7f1b8
key_dom_hex=656c6c2e763100
sk_hex=3a6e781443f4b91f27f5a725b9c9dd4296006f4d26951ff4fefc2a1647df6a73
pubkey_hex=25a6937fd616a18f2556ca149dd6637dfc070597647b4b2b4333cd36ecfea29c
sig_hex=59aae4178c8b8abc41ac887905839232fdd8d7b26b381aabe607e8d04a51b31eade3600041dd8edc641ecd92af5a693b786a061c18396e03eeabf8b11f40410a
frame_hex=a501000a001474733d3830303b686f6c643d303b7461673d613159aae4178c8b8abc41ac887905839232fdd8d7b26b381aabe607e8d04a51b31eade3600041dd8edc641ecd92af5a693b786a061c18396e03eeabf8b11f40410a
verdict=ok

## sample_b
epoch=20
lane_id=0x01
payload=ts=1500;hold=0;tag=b1
domain_ascii=ELL2
message_hex=454c4c3200140174733d313530303b686f6c643d303b7461673d6231
seed_hex=c3a7f1b8
key_dom_hex=656c6c2e763100
sk_hex=23fe6d444fbd4b22fc87718eb91117cc3b7d721864ad4ba9f3ca9be7a272acda
pubkey_hex=e0abf5c1f37fda8c76a1dda2652c405a03fd5cbfa6814240790f8bca361d5fd7
sig_hex=ef13b5b88165f90a456a8b05ff99e976c18a2bbb197cc38a9a0a2d71b2cb18834d979ea327ed8ee4ce99143127bca98a654fdac686fbbd5492b3a4d32427fe0a
frame_hex=a5010014001574733d313530303b686f6c643d303b7461673d6231ef13b5b88165f90a456a8b05ff99e976c18a2bbb197cc38a9a0a2d71b2cb18834d979ea327ed8ee4ce99143127bca98a654fdac686fbbd5492b3a4d32427fe0a
verdict=ok

## sample_c
epoch=40
lane_id=0x03
payload=ts=1000;hold=0;tag=d1
domain_ascii=ELL2
message_hex=454c4c3200280374733d313030303b686f6c643d303b7461673d6431
seed_hex=c3a7f1b8
key_dom_hex=656c6c2e763100
sk_hex=c445f9fd370090bd277bce40524c55cfc662b0c78d58e8e0762dd7c1f46b9ecd
pubkey_hex=cb7142a92969cf39f388a81517fe9e53236edacec71fe12fd0addcb35a4d7ff5
sig_hex=ced1e42a96e9231ec1587466ea3e1f34faa8c2302cf46cd75583134bc5257dcc8a50491b13d6af2dfdfd52a9e357271fd51704d62a271ed7808d658e2c379f0f
frame_hex=a5030028001574733d313030303b686f6c643d303b7461673d6431ced1e42a96e9231ec1587466ea3e1f34faa8c2302cf46cd75583134bc5257dcc8a50491b13d6af2dfdfd52a9e357271fd51704d62a271ed7808d658e2c379f0f
verdict=ok
